[?25l[?2004h╭──────────────────╮╭──────────────────╮╭──────────────────╮╭──────────────────╮
│      table       ││       help       ││     download     ││     schedule     │
└──────────────────┴┴──────────────────┴┴──────────────────┴┘                  ╵
                                                                                
                                                                                
                                                                                
                                                                                
                                                                                
                                                                                
                                                                                
                                                                                
                                                                                
                                                                                
                                                                                
           Schedule this search to be rerun at consistent intervals.            
                                    Query:                                      
                                                                                
                            >Frequency: * * * * *                               
                                  Name:                                         
                           Description:                                         
                                                                                
                                     ╭──────╮                                   
                                     │submit│                                   
                                     ╰──────╯                                   
                                                                                
                                                                                
                                                                                
                                                                                
                                                                                
                                                                                
                                                                                
                                                                                
                                                                                
                                                                                
                                                                                
                                                                                
                                                                                
                                                                                
                                                                                
                                                                                
                                                                                
                                                                                
                                                                                
                                                                                
                                                                                
                                                                                
                                                                                
                                                                                
                                                                                
                                                                                [80D[49A
















                            >Frequency: 1 1 1 1                                 































[80D[49A
















                            >Frequency: 1 1 1 1 1                               































[80D[49A
















                             Frequency: 1 1 1 1 1                               
                                 >Name:                                         






























[80D[49A

















                                 >Name: namet                                   






























[80D[49A

















                                  Name: namet                                   
                          >Description:                                         





























[80D[49A


















                          >Description: desc                                    





























[80D[49A


















                          >Description: desct                                   





























[80D[49A


















                           Description: desct                                   


                                    >│submit│                                   


























[80D[2K[?2004l[?25h[?1002l[?1003l[?1006l