[?25l[?2004h╭──────────────────╮╭──────────────────╮╭──────────────────╮╭──────────────────╮
│     results      ││       help       ││     download     ││     schedule     │
└──────────────────┴┘                  └┴──────────────────┴┴──────────────────┘
                                                                                
                                                                                
                                                                                
                                                                                
                                                                                
                                                                                
                                                                                
                                                                                
                                                                                
                                                                                
                                                                                
                                                                                
                                                                                
                                                                                
                                                                                
                                                                                
                                                                                
               tab                      cycle tables                            
               ──────────────────────────────────────────────────               
               shift+tab                reverse cycle tables                    
               ──────────────────────────────────────────────────               
               ↑/↓                      scroll page                             
               ──────────────────────────────────────────────────               
               ←/→                      change page                             
               ──────────────────────────────────────────────────               
               ctrl+s                   toggle tab visibility                   
               ──────────────────────────────────────────────────               
               esc                      quit                                    
                                                                                
                                                                                
                                                                                
                                                                                
                                                                                
                                                                                
                                                                                
                                                                                
                                                                                
                                                                                
                                                                                
                                                                                
                                                                                
                                                                                
                                                                                
                                                                                
                                                                                
                                                                                
                                                                                [80D[2K[?2004l[?25h[?1002l[?1003l[?1006l