[?25l[?2004h╭──────────────────╮╭──────────────────╮╭──────────────────╮╭──────────────────╮
│      table       ││       help       ││     download     ││     schedule     │
╵                  └┴──────────────────┴┴──────────────────┴┴──────────────────┘
┏━━━━━┳━━━━━━━━━━━━━━━━━━━━━┳━━━━━━━━━━━━━━━━━━━━━┳━━━━━━━━━━━━━━━━━━━━━━━━━━━━┓
┃  #  ┃        Col1         ┃        Col2         ┃            Col3            ┃
┣━━━━━╋━━━━━━━━━━━━━━━━━━━━━╋━━━━━━━━━━━━━━━━━━━━━╋━━━━━━━━━━━━━━━━━━━━━━━━━━━━┫
┃1    ┃A1                   ┃B1                   ┃C1                          ┃
┃2    ┃A2                   ┃B2                   ┃C2                          ┃
┃3    ┃A3                   ┃B3                   ┃C3                          ┃
┃4    ┃A4                   ┃B4                   ┃C4                          ┃
┃5    ┃A5                   ┃B5                   ┃C5                          ┃
┃6    ┃A6                   ┃B6                   ┃C6                          ┃
┣━━━━━┻━━━━━━━━━━━━━━━━━━━━━┻━━━━━━━━━━━━━━━━━━━━━┻━━━━━━━━━━━━━━━━━━━━━━━━━━━━┫
┃                                                                   END OF DATA┃
┗━━━━━━━━━━━━━━━━━━━━━━━━━━━━━━━━━━━━━━━━━━━━━━━━━━━━━━━━━━━━━━━━━━━━━━━━━━━━━━┛
                                                                                
                                                                                
                                                                                
                                                                                
                                                                                
                                                                                
                                                                                
                                                                                
                                                                                
                                                                                
                                                                                
                                                                                
                                                                                
                                                                                
                                                                                
                                                                                
                                                                                
                                                                                
                                                                                
                                                                                
                                                                                
                                                                                
                                                                                
                                                                                
                                                                                
                                                                                
                                                                                
                                                                                
                                                                                
                                                                                
                                                                                
────────────────────────────────────────────────────────────────────────────100%
                 ↑/↓ scroll • home: jump top • end: jump bottom                 
    alt+[1-9]: increase column size • shift+alt+[1-9]: decrease column size     
                             tab: cycle • esc: quit                             [80D[2K[?2004l[?25h[?1002l[?1003l[?1006l