[?25l[?2004h╭──────────────────╮╭──────────────────╮╭──────────────────╮╭──────────────────╮
│     results      ││       help       ││     download     ││     schedule     │
╵                  └┴──────────────────┴┴──────────────────┴┴──────────────────┘
1:Line 1                                                                        
2:Multi                                                                         
Line2                                                                           
3:Line 3                                                                        
                                                                                
                                                                                
                                                                                
                                                                                
                                                                                
                                                                                
                                                                                
                                                                                
                                                                                
                                                                                
                                                                                
                                                                                
                                                                                
                                                                                
                                                                                
                                                                                
                                                                                
                                                                                
                                                                                
                                                                                
                                                                                
                                                                                
                                                                                
                                                                                
                                                                                
                                                                                
                                                                                
                                                                                
                                                                                
                                                                                
                                                                                
                                                                                
                                                                                
                                                                                
                                                                                
                                                                                
                                                                                
+-+                                                                             
|1| ────────────────────────────────────────────────────────────────────────100%
+-+                                                                             
                                        •                                       
           ←/→ page • ↑/↓ scroll • home: jump top • end: jump bottom            
           tab: cycle • esc: quit                                               [80D[2K[?2004l[?25h[?1002l[?1003l[?1006l