[?25l[?2004h╭──────────────────╮╭──────────────────╮╭──────────────────╮╭──────────────────╮
│     results      ││       help       ││     download     ││     schedule     │
╵                  └┴──────────────────┴┴──────────────────┴┴──────────────────┘
26:afcAPzSUZzCBM7oNoZmhbRSSF                                                    
27:4bfWdSShvy144cItrjnjuLoLD                                                    
28:iiPqA7MJYcloN2ITQPLcNbkmO                                                    
29:L3Uc3T4FxX4RYTNoeW8gmv1ia                                                    
30:Tt9oXeJn2PsPTgwa4hDgRNrpp                                                    
31:Rs0N2vR0ulbTN31smhA7jGKI2                                                    
32:vbNh2JRx3tqt90TU1cZj1pU88                                                    
33:SSBn7xcsuoN1ucrZ35WT4JpRN                                                    
34:3g3zo4x6NSVHVbu0U104CDZRH                                                    
35:USOJJ6Gqib4KWjtiBas3XvyjJ                                                    
36:ubcS9QkN788hWOH4JRQMVr8Xy                                                    
37:hbhsTi2IHZCirdX8FIukKUQrj                                                    
38:NUD2SOv3Fc4lgDpOSkhwtowCH                                                    
39:IGynmQ65IGniAoyHFgTDZB3Ak                                                    
40:8tdEesQ2aeTqZwriSTm4uXiQs                                                    
41:cyMinCQVSOpe9HWAjqYeQuujE                                                    
42:3OYkaPaYF0fwjPcFuguLLZ1v1                                                    
43:XzC5W2kRXOmvabgjpseMajosW                                                    
44:VnzMGKfzeoIYNbiAS6NJ08Oau                                                    
45:TbR4cieqAgoJFJy5CmizGGiJx                                                    
46:o2P8mqHW1iDWKedjpo7xcxXKs                                                    
47:g184ZWZpCIyRqQG7qwVRkI8QN                                                    
48:coYo69OjpFWbzvSVFHMcyKl9n                                                    
49:6B0chCxwx4idGO7VhSDZzSRS3                                                    
50:c5TaL5AgCJkwTHIDrfMKo6IGu                                                    
                                                                                
                                                                                
                                                                                
                                                                                
                                                                                
                                                                                
                                                                                
                                                                                
                                                                                
                                                                                
                                                                                
                                                                                
                                                                                
                                                                                
                                                                                
                                                                                
+-+                                                                             
|2| ────────────────────────────────────────────────────────────────────────100%
+-+                                                                             
                                  ○•○○○○○○○○○○                                  
           ←/→ page • ↑/↓ scroll • home: jump top • end: jump bottom            
           tab: cycle • esc: quit                                               [80D[49A


51:wWTQofyklR6YvN8z53SpdTCC8                                                    
52:HMGxYjZYqi0A6TfUKtmusKAKI                                                    
53:UWhy8gZ3A36F3s7K986462uQr                                                    
54:P7APq2YhE8zKudTtjmeKu5j29                                                    
55:OxAdbzSL4oeSccHzLZobBHbEv                                                    
56:fHNFOPawP7DDo28cUUfUTAT1a                                                    
57:EiRGWasyCx2fYTC9AkxePwYbS                                                    
58:8nqbodWV1Ydj5qP5Nt9ltzmZf                                                    
59:FkkXqRrsaSZhVkGeEmziJpZby                                                    
60:ZCuq8Q8fTPDTSCq1ldZ23VgWS                                                    
61:SqI8MzPGMa3kCU6sJfhajlP9H                                                    
62:znGqwbxGlNl0Bxuu6pyjFTh8P                                                    
63:oU0xh6F1aZ1WQFpuyHZQqtQI1                                                    
64:pvDsBoGbj9Y84WnseWZQpt9i2                                                    
65:VOxcizIjPcV6105Gy5lMGNMwk                                                    
66:WRKbQRjF3AVBdKuwxIx4j6ykX                                                    
67:gnk4lR29abmTmV9MAmNkPRMFb                                                    
68:z2Jawu7ugIjl6hmDJV1uUHpF4                                                    
69:lJ1VNAJfFxLX0p2p8zMdOofBK                                                    
70:Lu47rvCZB7Ulgf0pwXiygtawQ                                                    
71:lnsisvqWBx33U6J6Qx64pTrO8                                                    
72:G0e3flhK86NqgblGhZYoC7pWH                                                    
73:oiiVMn0vw3Wh6nReuDPU3D693                                                    
74:zpcl9hcBh72qeJDiflNTWUrNG                                                    
75:a6GlBy5jPjDjnPwVaERk2fnKF                                                    

















|3| ────────────────────────────────────────────────────────────────────────100%

                                  ○○•○○○○○○○○○                                  

[80D[49A


76:EXs60VC5nmIyGp6n7GnoxJK7e                                                    
77:HbxFSmraxNVXc59JINavYUrve                                                    
78:wE93DlWqNxVKt07k3wRFo45up                                                    
79:GqypjcOuk1T3EO2GJp0nPsLsW                                                    
80:n2y0mikxDbn4U9JjiQlqDbs1q                                                    
81:cnWGMtt4q9UjWfZshwC3yIUNA                                                    
82:AoTmiqxaSMLE45FZXx5dAb9KH                                                    
83:dt861SLBtdTsxo83gGFmGe5Wu                                                    
84:uycycVJvTv6TBpbBJxN2pmvAw                                                    
85:K8mRv5O7kBB0kBce8gSBVBPXx                                                    
86:xmSezural3D65WLiQVEGcmtTV                                                    
87:HcdpaYCziMsEa4KI3wiTY5FPJ                                                    
88:tcmgoJQfHrUBvTOtSvWcaRor1                                                    
89:QXFp3FFSyUcnCrf5yx7y8Fh42                                                    
90:egjNt6Z6YvJCyO5ivRGoMuB05                                                    
91:EMIpOH7lggphLEaqv6fjPmdDR                                                    
92:wSyjeCYHTcDgHeRnftgPzYxVX                                                    
93:AR5raoieKttZzv3kUnLS9CaKN                                                    
94:6f1ewJJC7xJ2j1Jj3id6fRwX5                                                    
95:m4OEtpPb6iS3RVanFBaLeLd0i                                                    
96:7HXbLuLPjhQbfjjiKrPzwv6UP                                                    
97:evARaFTeRqMv30p2OGIwMzlXd                                                    
98:2Fh7HD5gWSbK2VM5jGAWu7EL7                                                    
99:qxBDJtV0UlxSmjxb7oQDw3jIT                                                    
100:krujFUCKoYeHkeYwrCQO731Hy                                                   

















|4| ────────────────────────────────────────────────────────────────────────100%

                                  ○○○•○○○○○○○○                                  

[80D[2K[?2004l[?25h[?1002l[?1003l[?1006l