[?25l[?2004h╭──────────────────╮╭──────────────────╮╭──────────────────╮╭──────────────────╮
│     results      ││       help       ││     download     ││     schedule     │
╵                  └┴──────────────────┴┴──────────────────┴┴──────────────────┘
76:EXs60VC5nmIyGp6n7GnoxJK7e                                                    
77:HbxFSmraxNVXc59JINavYUrve                                                    
78:wE93DlWqNxVKt07k3wRFo45up                                                    
79:GqypjcOuk1T3EO2GJp0nPsLsW                                                    
80:n2y0mikxDbn4U9JjiQlqDbs1q                                                    
81:cnWGMtt4q9UjWfZshwC3yIUNA                                                    
82:AoTmiqxaSMLE45FZXx5dAb9KH                                                    
83:dt861SLBtdTsxo83gGFmGe5Wu                                                    
84:uycycVJvTv6TBpbBJxN2pmvAw                                                    
85:K8mRv5O7kBB0kBce8gSBVBPXx                                                    
86:xmSezural3D65WLiQVEGcmtTV                                                    
87:HcdpaYCziMsEa4KI3wiTY5FPJ                                                    
88:tcmgoJQfHrUBvTOtSvWcaRor1                                                    
89:QXFp3FFSyUcnCrf5yx7y8Fh42                                                    
90:egjNt6Z6YvJCyO5ivRGoMuB05                                                    
91:EMIpOH7lggphLEaqv6fjPmdDR                                                    
92:wSyjeCYHTcDgHeRnftgPzYxVX                                                    
93:AR5raoieKttZzv3kUnLS9CaKN                                                    
94:6f1ewJJC7xJ2j1Jj3id6fRwX5                                                    
95:m4OEtpPb6iS3RVanFBaLeLd0i                                                    
96:7HXbLuLPjhQbfjjiKrPzwv6UP                                                    
97:evARaFTeRqMv30p2OGIwMzlXd                                                    
98:2Fh7HD5gWSbK2VM5jGAWu7EL7                                                    
99:qxBDJtV0UlxSmjxb7oQDw3jIT                                                    
100:krujFUCKoYeHkeYwrCQO731Hy                                                   
                                                                                
                                                                                
                                                                                
                                                                                
                                                                                
                                                                                
                                                                                
                                                                                
                                                                                
                                                                                
                                                                                
                                                                                
                                                                                
                                                                                
                                                                                
                                                                                
                                                                                
                                                                                
4 ──────────────────────────────────────────────────────────────────────────100%
                                  ○○○•○○○○○○○○                                  
           ←/→ page • ↑/↓ scroll • home: jump top • end: jump bottom            
           tab: cycle • esc: quit                                               [80D[2K[?2004l[?25h[?1002l[?1003l[?1006l