[?25l[?2004h╭──────────────────╮╭──────────────────╮╭──────────────────╮╭──────────────────╮
│     results      ││       help       ││     download     ││     schedule     │
╵                  └┴──────────────────┴┴──────────────────┴┴──────────────────┘
1:SktrHBrVozw2TdYB8oCGzjzB2 7X2g0lXPCNOQeBpq4OZPs6AHx WpILfvsnH6cDISL7E2tdqjE5V 
31hR2kUJePDNXwS2PHvO83Uez gcuSFRgH5sqgaFeVQxEXeyGlx 85harsi0q3e2hW9LZzL3uHY6k   
ZLJpDJV8hJNI6nqkyLFINZtWr                                                       
2:j04k4fg3ehOD59CHOyGz7xPXX                                                     
3:mjGaa5RCU5A9w83IxWJeBF0fh                                                     
4:81YRtH8iZuD9rD3JCp2r8lifB                                                     
5:VaUFftLkKEyx7rZ701I583N14                                                     
6:QWu5pU0QxHggCR8rGe5ypAG24                                                     
7:EikS8zLWXfPiJzClZD3fbQmgX                                                     
8:rrN4oSHdlw94u1TohCvk20BG0                                                     
9:6rftTDJDCAVgFA58ZVF5dmGjF                                                     
10:njTpVxCjUBhcedefhqDlDUUQ9                                                    
11:5QuGc1CXs36J7wERe8Xdqbd5G                                                    
12:l4h4l7Km3p2qo51dpqZ8CjgkU                                                    
13:3OVs9vzPoT6X5t7n3UsJenLqE                                                    
14:e70pv3rxzBqGHLXRFvJdJ9pHw                                                    
15:k57WhSCDyXhG0OXQ5OSJUsuNu                                                    
16:CV9yuKAgqWetGjhHIxaGPhNYr                                                    
17:EfkiTIfDBnu88MLigPASUHhgd                                                    
18:Pu5bxYtSwpin45hMhSsc2C8GM                                                    
19:6jD7u7s2bLJItr3vFzV8DLmeE                                                    
20:wRIu3mUpQBIZwvPCEfZoXIMBt                                                    
21:1121OkQKcLS6P7vGsaaixDTaQ                                                    
22:a9phkCyN90QRyzqWLVsPGJEmV                                                    
23:TrmKRtI3tvqdrRTBn7Aum4TWS                                                    
24:uN2iEu51XzslHzA80uXQHvcDv                                                    
25:vQoC1yvvI6dUXiVfGpHHl7B5U DouIACd9SDhC9mCyC5Q148M1k CF3JhBqb5J7xEb3fg1oA5VeGS
OsovUHtUjJtYptseD6GNPdpHH 5FYgG6FbNmtpW4zU35pOLX00c Ki6kZeb7JiIpqizvE1Nw25lxY   
26:afcAPzSUZzCBM7oNoZmhbRSSF                                                    
27:4bfWdSShvy144cItrjnjuLoLD                                                    
28:iiPqA7MJYcloN2ITQPLcNbkmO                                                    
29:L3Uc3T4FxX4RYTNoeW8gmv1ia                                                    
30:Tt9oXeJn2PsPTgwa4hDgRNrpp                                                    
31:Rs0N2vR0ulbTN31smhA7jGKI2                                                    
32:vbNh2JRx3tqt90TU1cZj1pU88                                                    
33:SSBn7xcsuoN1ucrZ35WT4JpRN                                                    
34:3g3zo4x6NSVHVbu0U104CDZRH                                                    
35:USOJJ6Gqib4KWjtiBas3XvyjJ                                                    
36:ubcS9QkN788hWOH4JRQMVr8Xy                                                    
37:hbhsTi2IHZCirdX8FIukKUQrj                                                    
38:NUD2SOv3Fc4lgDpOSkhwtowCH                                                    
┌─┐                                                                             
│1│ ────────────────────────────────────────────────────────────────────────  0%
└─┘                                                                             
                                     •○○○○○                                     
           ←/→ page • ↑/↓ scroll • home: jump top • end: jump bottom            
           tab: cycle • esc: quit                                               [80D[2K[?2004l[?25h[?1002l[?1003l[?1006l