[?25l[?2004h╭──────────────────╮╭──────────────────╮╭──────────────────╮╭──────────────────╮
│     results      ││       help       ││     download     ││     schedule     │
└──────────────────┴┴──────────────────┴┴──────────────────┴┘                  ╵
                                                                                
                                                                                
                                                                                
                                                                                
                                                                                
                                                                                
                                                                                
                                                                                
                                                                                
                                                                                
                                                                                
           Schedule this search to be rerun at consistent intervals.            
                                    Query:                                      
                                                                                
                            >Frequency: * * * * *                               
                                  Name:                                         
                           Description:                                         
                                                                                
                                    ╭──────╮                                    
                                    │submit│                                    
                                    ╰──────╯                                    
                                                                                
                                                                                
                                                                                
                                                                                
                                                                                
                                                                                
                                                                                
                                                                                
                                                                                
                                                                                
                                                                                
                                                                                
                                                                                
                                                                                
                                                                                
                                                                                
                                                                                
                                                                                
                                                                                
                                                                                
                                                                                
                                                                                
                                                                                
                                                                                
                                                                                
                                                                                [D[49A                                                                                
                                                                                
                                                                                









           Schedule this search to be rerun at consistent intervals.            
                                    Query:                                      
                                                                                
                            >Frequency: * * * * *                               
                                  Name:                                         
                           Description:                                         
                                                                                
                                    ╭──────╮                                    
                                    │submit│                                    
                                    ╰──────╯                                    
                                                                                
                                                                                

























[D[2K[?2004l[?25h[?1002l[?1003l[?1006l