[?25l[?2004h╭──────────────────╮╭──────────────────╮╭──────────────────╮╭──────────────────╮
│     results      ││       help       ││     download     ││     schedule     │
└──────────────────┴┘                  └┴──────────────────┴┴──────────────────┘
                                                                                
                                                                                
                                                                                
                                                                                
                                                                                
                                                                                
                                                                                
                                                                                
                                                                                
                                                                                
                                                                                
                                                                                
                                                                                
                                                                                
                                                                                
                                                                                
                                                                                
               tab                      cycle tables                            
               ──────────────────────────────────────────────────               
               shift+tab                reverse cycle tables                    
               ──────────────────────────────────────────────────               
               ↑/↓                      scroll page                             
               ──────────────────────────────────────────────────               
               ←/→                      change page                             
               ──────────────────────────────────────────────────               
               ctrl+s                   toggle tab visibility                   
               ──────────────────────────────────────────────────               
               esc                      quit                                    
                                                                                
                                                                                
                                                                                
                                                                                
                                                                                
                                                                                
                                                                                
                                                                                
                                                                                
                                                                                
                                                                                
                                                                                
                                                                                
                                                                                
                                                                                
                                                                                
                                                                                
                                                                                
                                                                                [80D[49A

└──────────────────┴┴──────────────────┴┘                  └┴──────────────────┘








 Download all data in your preferred format or cherry-pick specific records by  
                                  their index.                                  

                          >Output Path:                                         
                                Append? [ ]                                     
                                     Format                                     
                                   JSON ( )                                     
                                    CSV ( )                                     
                                    raw (✓)                                     
                                                                                
                        Record Numbers: (optional)                              
                   Enter a comma-seperated list of records to                   
                          download just those records,                          
                           instead of the whole file.                           
                                                                                
                                                                                
                           Press alt+enter to submit                            
                                                                                
                                                                                
                                                                                


















[80D[49A

└──────────────────┴┴──────────────────┴┴──────────────────┴┘                  ╵








                                                                                
                                                                                

           Schedule this search to be rerun at consistent intervals.            
                                    Query:                                      
                                                                                
                            >Frequency: * * * * *                               
                                  Name:                                         
                           Description:                                         

                                                                                
                           Press alt+enter to submit                            
                                                                                
                                                                                


                                                                                





















[80D[49A

╵                  └┴──────────────────┴┴──────────────────┴┴──────────────────┘
1:Line 1                                                                        
2:Multi                                                                         
Line2                                                                           
3:Line 3                                                                        







                                                                                
                                                                                

                                                                                
                                                                                
                                                                                


                                                                                























1 ──────────────────────────────────────────────────────────────────────────100%
                                        •                                       
           ←/→ page • ↑/↓ scroll • home: jump top • end: jump bottom            
           tab: cycle • esc: quit                                               [80D[49A

└──────────────────┴┘                  └┴──────────────────┴┴──────────────────┘
                                                                                
                                                                                
                                                                                
                                                                                













               tab                      cycle tables                            
               ──────────────────────────────────────────────────               
               shift+tab                reverse cycle tables                    
               ──────────────────────────────────────────────────               
               ↑/↓                      scroll page                             
               ──────────────────────────────────────────────────               
               ←/→                      change page                             
               ──────────────────────────────────────────────────               
               ctrl+s                   toggle tab visibility                   
               ──────────────────────────────────────────────────               
               esc                      quit                                    















                                                                                
                                                                                
                                                                                
                                                                                [80D[2K[?2004l[?25h[?1002l[?1003l[?1006l